// Jest Snapshot v1, https://goo.gl/fbAQLP

exports[`MenuGroup should match snapshot 1`] = `
<div
  className="components-menu-group"
>
  <div
    aria-hidden="true"
    className="components-menu-group__label"
    id="components-menu-group-label-1"
  >
    My group
  </div>
  <div
    aria-labelledby="components-menu-group-label-1"
    role="group"
  >
    <p>
      My item
    </p>
  </div>
</div>
`;
