// Jest Snapshot v1, https://goo.gl/fbAQLP

exports[`PluginPostPublishPanel renders fill properly 1`] = `
<div>
  <div
    class="components-panel__body my-plugin-post-publish-panel is-opened"
  >
    <h2
      class="components-panel__body-title"
    >
      <button
        aria-expanded="true"
        class="components-button components-panel__body-toggle"
        type="button"
      >
        <span
          aria-hidden="true"
        >
          <svg
            aria-hidden="true"
            class="components-panel__arrow"
            focusable="false"
            height="24"
            viewBox="0 0 24 24"
            width="24"
            xmlns="http://www.w3.org/2000/svg"
          >
            <path
              d="M6.5 12.4L12 8l5.5 4.4-.9 1.2L12 10l-4.5 3.6-1-1.2z"
            />
          </svg>
        </span>
        My panel title
      </button>
    </h2>
    My panel content
  </div>
</div>
`;
