// Jest Snapshot v1, https://goo.gl/fbAQLP

exports[`BlockView should match snapshot 1`] = `
<div>
  <div
    class="class"
  >
    <div
      class="block-editor-block-compare__content"
    >
      <h2
        class="block-editor-block-compare__heading"
      >
        title
      </h2>
      <div
        class="block-editor-block-compare__html"
      >
        raw
      </div>
      <div
        class="block-editor-block-compare__preview edit-post-visual-editor"
      >
        <div>
          render
        </div>
      </div>
    </div>
    <div
      class="block-editor-block-compare__action"
    >
      <button
        class="components-button is-next-40px-default-size is-secondary"
        tabindex="0"
        type="button"
      >
        action
      </button>
    </div>
  </div>
</div>
`;
