<!-- wp:list -->
<ul class="wp-block-list"><!-- wp:list-item -->
<li>x</li>
<!-- /wp:list-item -->

<!-- wp:list-item -->
<li>yâ€¸</li>
<!-- /wp:list-item --></ul>
<!-- /wp:list -->