<!-- wp:list -->
<ul class="wp-block-list"><!-- wp:list-item -->
<li>xy</li>
<!-- /wp:list-item --></ul>
<!-- /wp:list -->