<!-- wp:paragraph -->
<p>Dummy text</p>
<!-- /wp:paragraph -->

<!-- wp:query {"queryId":1,"query":{"perPage":3,"pages":0,"offset":0,"postType":"post","order":"desc","orderBy":"date","author":"","search":"","exclude":[],"sticky":"","inherit":false},"metadata":{"categories":["posts"],"patternName":"core/query-standard-posts","name":"Standard"}} -->
<div class="wp-block-query"><!-- wp:post-template -->
<!-- wp:post-title {"isLink":true} /-->

<!-- wp:post-featured-image {"isLink":true,"align":"wide"} /-->

<!-- wp:post-excerpt /-->

<!-- wp:separator {"opacity":"css"} -->
<hr class="wp-block-separator has-css-opacity"/>
<!-- /wp:separator -->

<!-- wp:post-date /-->
<!-- /wp:post-template --></div>
<!-- /wp:query -->