<!-- wp:table -->
<figure class="wp-block-table"><table class="has-fixed-layout"><tbody><tr><td>1</td><td>4</td></tr><tr><td>2</td><td>3</td></tr></tbody></table></figure>
<!-- /wp:table -->