<!-- wp:table -->
<figure class="wp-block-table"><table class="has-fixed-layout"><tbody><tr><td>None</td><td class="has-text-align-left" data-align="left">To the left</td><td class="has-text-align-center" data-align="center">Centered</td><td class="has-text-align-right" data-align="right">Right aligned</td></tr><tr><td></td><td class="has-text-align-left" data-align="left"></td><td class="has-text-align-center" data-align="center"></td><td class="has-text-align-right" data-align="right"></td></tr></tbody></table></figure>
<!-- /wp:table -->