// Jest Snapshot v1, https://goo.gl/fbAQLP

exports[`Spacer block transforms to Columns block 1`] = `
"<!-- wp:columns -->
<div class="wp-block-columns"><!-- wp:column {"width":"100%"} -->
<div class="wp-block-column" style="flex-basis:100%"><!-- wp:spacer -->
<div style="height:100px" aria-hidden="true" class="wp-block-spacer"></div>
<!-- /wp:spacer --></div>
<!-- /wp:column --></div>
<!-- /wp:columns -->"
`;

exports[`Spacer block transforms to Group block 1`] = `
"<!-- wp:group {"layout":{"type":"constrained"}} -->
<div class="wp-block-group"><!-- wp:spacer -->
<div style="height:100px" aria-hidden="true" class="wp-block-spacer"></div>
<!-- /wp:spacer --></div>
<!-- /wp:group -->"
`;

exports[`Spacer block transforms to Separator block 1`] = `
"<!-- wp:separator -->
<hr class="wp-block-separator has-alpha-channel-opacity"/>
<!-- /wp:separator -->"
`;
