// Jest Snapshot v1, https://goo.gl/fbAQLP

exports[`ColorPaletteControl matches the snapshot 1`] = `
.emotion-0 {
  font-family: -apple-system,BlinkMacSystemFont,'Segoe UI',Roboto,Oxygen-Sans,Ubuntu,Cantarell,'Helvetica Neue',sans-serif;
  font-size: 13px;
  box-sizing: border-box;
}

.emotion-0 *,
.emotion-0 *::before,
.emotion-0 *::after {
  box-sizing: inherit;
}

.components-panel__row .emotion-2 {
  margin-bottom: inherit;
}

.emotion-4 {
  display: -webkit-box;
  display: -webkit-flex;
  display: -ms-flexbox;
  display: flex;
  -webkit-align-items: stretch;
  -webkit-box-align: stretch;
  -ms-flex-align: stretch;
  align-items: stretch;
  -webkit-flex-direction: column;
  -ms-flex-direction: column;
  flex-direction: column;
  gap: calc(4px * 1);
  -webkit-box-pack: center;
  -ms-flex-pack: center;
  -webkit-justify-content: center;
  justify-content: center;
}

.emotion-4>* {
  min-height: 0;
}

.emotion-6 {
  font-size: 11px;
  font-weight: 500;
  line-height: 1.4;
  text-transform: uppercase;
  display: block;
  margin-bottom: calc(4px * 2);
  padding: 0;
}

.emotion-8 {
  display: -webkit-box;
  display: -webkit-flex;
  display: -ms-flexbox;
  display: flex;
  -webkit-align-items: stretch;
  -webkit-box-align: stretch;
  -ms-flex-align: stretch;
  align-items: stretch;
  -webkit-flex-direction: column;
  -ms-flex-direction: column;
  flex-direction: column;
  gap: calc(4px * 3);
  -webkit-box-pack: center;
  -ms-flex-pack: center;
  -webkit-justify-content: center;
  justify-content: center;
}

.emotion-8>* {
  min-height: 0;
}

.emotion-10 {
  display: -webkit-box;
  display: -webkit-flex;
  display: -ms-flexbox;
  display: flex;
  -webkit-align-items: stretch;
  -webkit-box-align: stretch;
  -ms-flex-align: stretch;
  align-items: stretch;
  -webkit-flex-direction: column;
  -ms-flex-direction: column;
  flex-direction: column;
  gap: 0;
  -webkit-box-pack: center;
  -ms-flex-pack: center;
  -webkit-justify-content: center;
  justify-content: center;
}

.emotion-10>* {
  min-height: 0;
}

.emotion-12 {
  display: -webkit-box;
  display: -webkit-flex;
  display: -ms-flexbox;
  display: flex;
  -webkit-align-items: stretch;
  -webkit-box-align: stretch;
  -ms-flex-align: stretch;
  align-items: stretch;
  -webkit-flex-direction: column;
  -ms-flex-direction: column;
  flex-direction: column;
  gap: calc(4px * 0.5);
  -webkit-box-pack: center;
  -ms-flex-pack: center;
  -webkit-justify-content: center;
  justify-content: center;
}

.emotion-12>* {
  min-height: 0;
}

.emotion-14 {
  display: block;
  overflow: hidden;
  text-overflow: ellipsis;
  white-space: nowrap;
}

<div>
  <div
    class="components-base-control block-editor-color-gradient-control emotion-0 emotion-1"
  >
    <div
      class="components-base-control__field emotion-2 emotion-3"
    >
      <fieldset
        class="block-editor-color-gradient-control__fieldset"
      >
        <div
          class="components-flex components-h-stack components-v-stack emotion-4 emotion-5"
          data-wp-c16t="true"
          data-wp-component="VStack"
        >
          <legend>
            <div
              class="block-editor-color-gradient-control__color-indicator"
            >
              <span
                class="components-base-control__label emotion-6 emotion-7"
              >
                Test Color
              </span>
            </div>
          </legend>
          <div
            class="block-editor-color-gradient-control__panel"
          >
            <div
              class="components-flex components-h-stack components-v-stack emotion-8 emotion-5"
              data-wp-c16t="true"
              data-wp-component="VStack"
            >
              <div
                class="components-dropdown"
                tabindex="-1"
              >
                <div
                  class="components-flex components-h-stack components-v-stack components-color-palette__custom-color-wrapper emotion-10 emotion-5"
                  data-wp-c16t="true"
                  data-wp-component="VStack"
                >
                  <button
                    aria-expanded="false"
                    aria-haspopup="true"
                    aria-label="Custom color picker. The currently selected color is called "red" and has a value of "#f00"."
                    class="components-color-palette__custom-color-button"
                    style="background: rgb(255, 0, 0);"
                    type="button"
                  />
                  <div
                    class="components-flex components-h-stack components-v-stack components-color-palette__custom-color-text-wrapper emotion-12 emotion-5"
                    data-wp-c16t="true"
                    data-wp-component="VStack"
                  >
                    <span
                      class="components-truncate components-color-palette__custom-color-name emotion-14 emotion-5"
                      data-wp-c16t="true"
                      data-wp-component="Truncate"
                    >
                      red
                    </span>
                    <span
                      class="components-truncate components-color-palette__custom-color-value components-color-palette__custom-color-value--is-hex emotion-14 emotion-5"
                      data-wp-c16t="true"
                      data-wp-component="Truncate"
                    >
                      #f00
                    </span>
                  </div>
                </div>
              </div>
              <div
                class="components-circular-option-picker"
              >
                <div
                  aria-label="Custom color picker."
                  id="components-circular-option-picker-0"
                  role="listbox"
                >
                  <div
                    class="components-circular-option-picker__swatches"
                  >
                    <div
                      class="components-circular-option-picker__option-group components-circular-option-picker__swatches"
                    >
                      <div
                        class="components-circular-option-picker__option-wrapper"
                      >
                        <button
                          aria-label="Color: red"
                          aria-selected="true"
                          class="components-button components-circular-option-picker__option"
                          data-active-item="true"
                          id="components-circular-option-picker-0-0"
                          role="option"
                          style="background-color: rgb(255, 0, 0); color: rgb(255, 0, 0);"
                          type="button"
                        />
                        <svg
                          aria-hidden="true"
                          fill="#000"
                          focusable="false"
                          height="24"
                          viewBox="0 0 24 24"
                          width="24"
                          xmlns="http://www.w3.org/2000/svg"
                        >
                          <path
                            d="M16.7 7.1l-6.3 8.5-3.3-2.5-.9 1.2 4.5 3.4L17.9 8z"
                          />
                        </svg>
                      </div>
                    </div>
                  </div>
                </div>
                <div
                  class="components-circular-option-picker__custom-clear-wrapper"
                >
                  <button
                    class="components-button components-circular-option-picker__clear is-tertiary"
                    type="button"
                  >
                    Clear
                  </button>
                </div>
              </div>
            </div>
          </div>
        </div>
      </fieldset>
    </div>
  </div>
</div>
`;
