// Jest Snapshot v1, https://goo.gl/fbAQLP

exports[`ReadableJsAssetsWebpackPlugin should produce the expected output: Asset file index.js should match snapshot 1`] = `
"/******/ (() => { // webpackBootstrap
function notMinified() {
	// eslint-disable-next-line no-console
	console.log( 'hello' );
}
notMinified();

/******/ })()
;"
`;

exports[`ReadableJsAssetsWebpackPlugin should produce the expected output: Asset file index.min.js should match snapshot 1`] = `"console.log("hello");"`;

exports[`ReadableJsAssetsWebpackPlugin should produce the expected output: Asset file view.js should match snapshot 1`] = `
"/******/ (() => { // webpackBootstrap
function notMinified() {
	// eslint-disable-next-line no-console
	console.log( 'hello' );
}
notMinified();

/******/ })()
;"
`;

exports[`ReadableJsAssetsWebpackPlugin should produce the expected output: Asset file view.min.js should match snapshot 1`] = `"console.log("hello");"`;
