// Jest Snapshot v1, https://goo.gl/fbAQLP

exports[`Cover block transformations with Image to Columns block 1`] = `
"<!-- wp:columns -->
<div class="wp-block-columns"><!-- wp:column {"width":"100%"} -->
<div class="wp-block-column" style="flex-basis:100%"><!-- wp:cover {"url":"https://cldup.com/cXyG__fTLN.jpg","id":890,"dimRatio":20,"overlayColor":"luminous-vivid-orange","isUserOverlayColor":true,"focalPoint":{"x":"0.63","y":"0.83"},"minHeight":219} -->
<div class="wp-block-cover" style="min-height:219px"><span aria-hidden="true" class="wp-block-cover__background has-luminous-vivid-orange-background-color has-background-dim-20 has-background-dim"></span><img class="wp-block-cover__image-background wp-image-890" alt="" src="https://cldup.com/cXyG__fTLN.jpg" style="object-position:63% 83%" data-object-fit="cover" data-object-position="63% 83%"/><div class="wp-block-cover__inner-container"><!-- wp:paragraph {"align":"center","placeholder":"Write title…","className":"has-text-color has-very-light-gray-color","fontSize":"large"} -->
<p class="has-text-align-center has-text-color has-very-light-gray-color has-large-font-size">Cool cover</p>
<!-- /wp:paragraph --></div></div>
<!-- /wp:cover --></div>
<!-- /wp:column --></div>
<!-- /wp:columns -->"
`;

exports[`Cover block transformations with Image to Group block 1`] = `
"<!-- wp:group {"layout":{"type":"constrained"}} -->
<div class="wp-block-group"><!-- wp:cover {"url":"https://cldup.com/cXyG__fTLN.jpg","id":890,"dimRatio":20,"overlayColor":"luminous-vivid-orange","isUserOverlayColor":true,"focalPoint":{"x":"0.63","y":"0.83"},"minHeight":219} -->
<div class="wp-block-cover" style="min-height:219px"><span aria-hidden="true" class="wp-block-cover__background has-luminous-vivid-orange-background-color has-background-dim-20 has-background-dim"></span><img class="wp-block-cover__image-background wp-image-890" alt="" src="https://cldup.com/cXyG__fTLN.jpg" style="object-position:63% 83%" data-object-fit="cover" data-object-position="63% 83%"/><div class="wp-block-cover__inner-container"><!-- wp:paragraph {"align":"center","placeholder":"Write title…","className":"has-text-color has-very-light-gray-color","fontSize":"large"} -->
<p class="has-text-align-center has-text-color has-very-light-gray-color has-large-font-size">Cool cover</p>
<!-- /wp:paragraph --></div></div>
<!-- /wp:cover --></div>
<!-- /wp:group -->"
`;

exports[`Cover block transformations with Image to Image block 1`] = `
"<!-- wp:image {"id":890,"style":{"color":{}}} -->
<figure class="wp-block-image"><img src="https://cldup.com/cXyG__fTLN.jpg" alt="" class="wp-image-890"/></figure>
<!-- /wp:image -->"
`;

exports[`Cover block transformations with Image to Media & Text block 1`] = `
"<!-- wp:media-text {"mediaId":890,"mediaType":"image","backgroundColor":"luminous-vivid-orange"} -->
<div class="wp-block-media-text is-stacked-on-mobile has-luminous-vivid-orange-background-color has-background"><figure class="wp-block-media-text__media"><img src="https://cldup.com/cXyG__fTLN.jpg" alt="" class="wp-image-890 size-full"/></figure><div class="wp-block-media-text__content"><!-- wp:paragraph {"align":"center","placeholder":"Write title…","className":"has-text-color has-very-light-gray-color","fontSize":"large"} -->
<p class="has-text-align-center has-text-color has-very-light-gray-color has-large-font-size">Cool cover</p>
<!-- /wp:paragraph --></div></div>
<!-- /wp:media-text -->"
`;

exports[`Cover block transformations with Video to Columns block 1`] = `
"<!-- wp:columns -->
<div class="wp-block-columns"><!-- wp:column {"width":"100%"} -->
<div class="wp-block-column" style="flex-basis:100%"><!-- wp:cover {"url":"https://i.cloudup.com/YtZFJbuQCE.mov","id":891,"dimRatio":20,"overlayColor":"luminous-vivid-orange","isUserOverlayColor":true,"backgroundType":"video","focalPoint":{"x":"0.63","y":"0.83"},"minHeight":219,"isDark":false} -->
<div class="wp-block-cover is-light" style="min-height:219px"><span aria-hidden="true" class="wp-block-cover__background has-luminous-vivid-orange-background-color has-background-dim-20 has-background-dim"></span><video class="wp-block-cover__video-background intrinsic-ignore" autoplay muted loop playsinline src="https://i.cloudup.com/YtZFJbuQCE.mov" style="object-position:63% 83%" data-object-fit="cover" data-object-position="63% 83%"></video><div class="wp-block-cover__inner-container"><!-- wp:paragraph {"align":"center","placeholder":"Write title…","className":"has-text-color has-very-light-gray-color","fontSize":"large"} -->
<p class="has-text-align-center has-text-color has-very-light-gray-color has-large-font-size">Cool cover</p>
<!-- /wp:paragraph --></div></div>
<!-- /wp:cover --></div>
<!-- /wp:column --></div>
<!-- /wp:columns -->"
`;

exports[`Cover block transformations with Video to Group block 1`] = `
"<!-- wp:group {"layout":{"type":"constrained"}} -->
<div class="wp-block-group"><!-- wp:cover {"url":"https://i.cloudup.com/YtZFJbuQCE.mov","id":891,"dimRatio":20,"overlayColor":"luminous-vivid-orange","isUserOverlayColor":true,"backgroundType":"video","focalPoint":{"x":"0.63","y":"0.83"},"minHeight":219,"isDark":false} -->
<div class="wp-block-cover is-light" style="min-height:219px"><span aria-hidden="true" class="wp-block-cover__background has-luminous-vivid-orange-background-color has-background-dim-20 has-background-dim"></span><video class="wp-block-cover__video-background intrinsic-ignore" autoplay muted loop playsinline src="https://i.cloudup.com/YtZFJbuQCE.mov" style="object-position:63% 83%" data-object-fit="cover" data-object-position="63% 83%"></video><div class="wp-block-cover__inner-container"><!-- wp:paragraph {"align":"center","placeholder":"Write title…","className":"has-text-color has-very-light-gray-color","fontSize":"large"} -->
<p class="has-text-align-center has-text-color has-very-light-gray-color has-large-font-size">Cool cover</p>
<!-- /wp:paragraph --></div></div>
<!-- /wp:cover --></div>
<!-- /wp:group -->"
`;

exports[`Cover block transformations with Video to Media & Text block 1`] = `
"<!-- wp:media-text {"mediaId":891,"mediaType":"video","backgroundColor":"luminous-vivid-orange"} -->
<div class="wp-block-media-text is-stacked-on-mobile has-luminous-vivid-orange-background-color has-background"><figure class="wp-block-media-text__media"><video controls src="https://i.cloudup.com/YtZFJbuQCE.mov"></video></figure><div class="wp-block-media-text__content"><!-- wp:paragraph {"align":"center","placeholder":"Write title…","className":"has-text-color has-very-light-gray-color","fontSize":"large"} -->
<p class="has-text-align-center has-text-color has-very-light-gray-color has-large-font-size">Cool cover</p>
<!-- /wp:paragraph --></div></div>
<!-- /wp:media-text -->"
`;

exports[`Cover block transformations with Video to Video block 1`] = `
"<!-- wp:video {"id":891} -->
<figure class="wp-block-video"><video controls src="https://i.cloudup.com/YtZFJbuQCE.mov"></video></figure>
<!-- /wp:video -->"
`;
