// Jest Snapshot v1, https://goo.gl/fbAQLP

exports[`splitting and merging blocks should delete an empty first line 1`] = `
"<!-- wp:paragraph -->
<p>First</p>
<!-- /wp:paragraph -->

<!-- wp:paragraph -->
<p>Still Second</p>
<!-- /wp:paragraph -->"
`;

exports[`splitting and merging blocks should forward delete from an empty paragraph 1`] = `
"<!-- wp:paragraph -->
<p>Second</p>
<!-- /wp:paragraph -->"
`;

exports[`splitting and merging blocks should gracefully handle if placing caret in empty container 1`] = `
"<!-- wp:paragraph -->
<p><strong>Foo</strong></p>
<!-- /wp:paragraph -->

<!-- wp:paragraph -->
<p></p>
<!-- /wp:paragraph -->"
`;

exports[`splitting and merging blocks should merge into inline boundary position 1`] = `
"<!-- wp:paragraph -->
<p>Bar</p>
<!-- /wp:paragraph -->"
`;

exports[`splitting and merging blocks should not merge paragraphs if the selection is not collapsed 1`] = `
"<!-- wp:paragraph -->
<p>Foo</p>
<!-- /wp:paragraph -->

<!-- wp:paragraph -->
<p></p>
<!-- /wp:paragraph -->"
`;

exports[`splitting and merging blocks should remove at most one paragraph in forward direction 1`] = `
"<!-- wp:paragraph -->
<p>First</p>
<!-- /wp:paragraph -->

<!-- wp:paragraph -->
<p></p>
<!-- /wp:paragraph -->

<!-- wp:paragraph -->
<p>Second</p>
<!-- /wp:paragraph -->"
`;

exports[`splitting and merging blocks should remove empty paragraph block on backspace 1`] = `""`;

exports[`splitting and merging blocks should split and merge paragraph blocks using Enter and Backspace 1`] = `
"<!-- wp:paragraph -->
<p>First</p>
<!-- /wp:paragraph -->

<!-- wp:paragraph -->
<p>Second</p>
<!-- /wp:paragraph -->"
`;

exports[`splitting and merging blocks should split and merge paragraph blocks using Enter and Backspace 2`] = `
"<!-- wp:paragraph -->
<p>FirstBetweenSecond</p>
<!-- /wp:paragraph -->"
`;

exports[`splitting and merging blocks should split and merge paragraph blocks using Enter and Backspace 3`] = `
"<!-- wp:paragraph -->
<p><strong>First</strong></p>
<!-- /wp:paragraph -->

<!-- wp:paragraph -->
<p>BeforeSecond:Second</p>
<!-- /wp:paragraph -->"
`;

exports[`splitting and merging blocks should undo split in one go 1`] = `
"<!-- wp:paragraph -->
<p>12</p>
<!-- /wp:paragraph -->"
`;
