// Jest Snapshot v1, https://goo.gl/fbAQLP

exports[`Spacer can be created by typing "/spacer" 1`] = `
"<!-- wp:spacer -->
<div style=\\"height:100px\\" aria-hidden=\\"true\\" class=\\"wp-block-spacer\\"></div>
<!-- /wp:spacer -->"
`;

exports[`Spacer can be resized using the drag handle and remains selected after being dragged 1`] = `
"<!-- wp:spacer {\\"height\\":150} -->
<div style=\\"height:150px\\" aria-hidden=\\"true\\" class=\\"wp-block-spacer\\"></div>
<!-- /wp:spacer -->"
`;
